// Jest Snapshot v1, https://goo.gl/fbAQLP

exports[`Scope simple reference 1`] = `
Object {
  "21": Object {
    "in": "./fixtures/simple-reference.logic",
    "pattern": "0",
  },
}
`;
